05:36:46|INFO   |loaded 13444 concepts from S2 (full); cfg {'N_RARE': [5, 10, 20], 'D_RARE': 50, 'D_PERM': 200, 'S_RAW': 100, 'S_CLEAN': 20, 'D_PERM_HALF': 50, 'D_RARE_HALF': 20, 'RARE_HALF_N': 5, 'MIN_HOME': 10, 'V3_REWIRES': 200, 'V3_KSETS': 200, 'V3_CURVEBALL_SAMPLES': 200, 'V3_HALF_DRAWS': 50}
05:36:46|INFO   |V3a slice 0: W3 sets 0 (0 pairs), W1 2476, halves 0 (0 pairs)
05:36:47|INFO   |V3a slice 1: W3 sets 5714 (66396 pairs), W1 5408, halves 228560 (577482 pairs)
05:36:48|INFO   |V3a slice 2: W3 sets 7730 (102874 pairs), W1 5560, halves 309200 (1085723 pairs)
05:36:58|INFO   |V3c curveball: 40332 rows, 17 years, 5.9s
05:36:58|INFO   |U3 curveball: column sums preserved True; rows remain sets True
05:37:00|INFO   |V3c k-matched full build 2.2s
05:37:12|INFO   |V3c k-matched halves (537760 rows) 11.3s
05:37:14|INFO   |V3b full build 1.3s
05:37:21|INFO   |V3b halves 6.8s
slice 0: 20/200 rewires, 40s
slice 1: 20/200 rewires, 64s
slice 2: 20/200 rewires, 69s
slice 0: 40/200 rewires, 75s
slice 0: 60/200 rewires, 123s
slice 1: 40/200 rewires, 124s
slice 2: 40/200 rewires, 136s
slice 0: 80/200 rewires, 172s
slice 1: 60/200 rewires, 180s
slice 2: 60/200 rewires, 194s
slice 0: 100/200 rewires, 219s
slice 1: 80/200 rewires, 234s
slice 2: 80/200 rewires, 239s
slice 0: 120/200 rewires, 273s
slice 1: 100/200 rewires, 288s
slice 2: 100/200 rewires, 293s
slice 0: 140/200 rewires, 326s
slice 1: 120/200 rewires, 332s
slice 2: 120/200 rewires, 360s
slice 1: 140/200 rewires, 377s
slice 0: 160/200 rewires, 380s
slice 1: 160/200 rewires, 419s
slice 2: 140/200 rewires, 428s
slice 0: 180/200 rewires, 434s
slice 1: 180/200 rewires, 460s
slice 0: 200/200 rewires, 488s
slice 2: 160/200 rewires, 492s
slice 1: 200/200 rewires, 502s
slice 2: 180/200 rewires, 537s
slice 2: 200/200 rewires, 582s
05:46:57|INFO   |V3 done; spearman(z_pers_cfg, z_pers_k) = 0.881
