12:44:19|INFO   |53 eligible concepts to fetch
12:44:19|INFO   |[1/53] parent_thin=1.00 zinc finger nuclease t0=2005 early=152/152 confirmed=116 late=629/629 parents=99 0s S2={'calls': 0, 'hits': 0, 'retries': 0}
12:44:20|INFO   |[2/53] parent_thin=5.82 Web 2.0 t0=2006 early=13044/13044 confirmed=6342 late=3000/10006 parents=1500 0s S2={'calls': 0, 'hits': 0, 'retries': 0}
12:44:20|INFO   |[3/53] parent_thin=1.00 sentiment analysis t0=2007 early=962/962 confirmed=487 late=3000/3950 parents=588 0s S2={'calls': 0, 'hits': 0, 'retries': 0}
12:45:10|WARNING|bulk_search page cap hit for "smart grid" 2014-2016
12:46:00|INFO   |[4/53] parent_thin=3.56 smart grid t0=2008 early=9367/9367 confirmed=5278 late=3000/13449 parents=1500 100s S2={'calls': 24, 'hits': 7, 'retries': 11}
12:46:00|WARNING|bulk_search page cap hit for "cancer stem cell" 2009-2011
12:46:00|INFO   |[5/53] parent_thin=1.00 cancer stem cell t0=2003 early=944/944 confirmed=431 late=3000/4421 parents=446 0s S2={'calls': 24, 'hits': 15, 'retries': 11}
12:46:12|WARNING|bulk_search page cap hit for "crowdsourcing" 2014-2016
12:46:55|INFO   |[6/53] parent_thin=1.00 crowdsourcing t0=2008 early=2152/2152 confirmed=1407 late=3000/6650 parents=1112 55s S2={'calls': 36, 'hits': 17, 'retries': 13}
12:47:46|INFO   |[7/53] parent_thin=1.08 mashup t0=2007 early=2093/2093 confirmed=1189 late=1023/1023 parents=1500 51s S2={'calls': 48, 'hits': 19, 'retries': 15}
12:49:09|INFO   |[8/53] parent_thin=1.00 DNA barcoding t0=2005 early=797/798 confirmed=336 late=1994/1994 parents=466 84s S2={'calls': 62, 'hits': 21, 'retries': 24}
12:51:23|INFO   |[9/53] parent_thin=1.00 pandemic H1N1 t0=2009 early=1541/4478 confirmed=781 late=747/747 parents=1243 134s S2={'calls': 82, 'hits': 23, 'retries': 36}
12:51:38|WARNING|bulk_search page cap hit for "WiMAX" 2010-2012
12:52:51|INFO   |[10/53] parent_thin=1.50 WiMAX t0=2004 early=4020/4020 confirmed=2327 late=3000/6257 parents=1500 87s S2={'calls': 101, 'hits': 25, 'retries': 42}
12:53:39|INFO   |[11/53] parent_thin=1.00 latent Dirichlet allocation t0=2007 early=845/845 confirmed=232 late=1478/1478 parents=564 48s S2={'calls': 112, 'hits': 27, 'retries': 48}
12:54:13|INFO   |[12/53] parent_thin=1.00 social tagging t0=2006 early=789/789 confirmed=279 late=583/583 parents=508 34s S2={'calls': 119, 'hits': 29, 'retries': 51}
12:55:04|INFO   |[13/53] parent_thin=1.00 synthetic biology t0=2005 early=924/924 confirmed=515 late=2373/2373 parents=522 51s S2={'calls': 130, 'hits': 31, 'retries': 56}
12:55:44|WARNING|bulk_search page cap hit for "long noncoding RNA" | "lncRNA" 2014-2016
12:55:55|INFO   |[14/53] parent_thin=1.00 long noncoding RNA t0=2008 early=571/571 confirmed=343 late=3000/5533 parents=262 51s S2={'calls': 141, 'hits': 33, 'retries': 62}
12:58:47|INFO   |[15/53] parent_thin=1.00 comparative effectiveness research t0=2009 early=1794/1794 confirmed=1097 late=746/746 parents=1380 172s S2={'calls': 168, 'hits': 35, 'retries': 81}
12:59:05|INFO   |[16/53] parent_thin=1.00 sirtuin t0=2003 early=288/288 confirmed=131 late=1101/1101 parents=192 18s S2={'calls': 173, 'hits': 37, 'retries': 82}
12:59:23|WARNING|bulk_search page cap hit for "next-generation sequencing" 2011-2013
12:59:55|INFO   |[17/53] parent_thin=1.00 next-generation sequencing t0=2005 early=479/479 confirmed=236 late=3000/7944 parents=141 50s S2={'calls': 185, 'hits': 39, 'retries': 89}
13:00:11|INFO   |[18/53] parent_thin=1.00 takotsubo cardiomyopathy t0=2004 early=380/380 confirmed=258 late=630/630 parents=260 15s S2={'calls': 189, 'hits': 41, 'retries': 90}
13:01:01|WARNING|bulk_search page cap hit for "energy harvesting" 2010-2012
13:01:42|INFO   |[19/53] parent_thin=1.00 energy harvesting t0=2004 early=1147/1147 confirmed=616 late=3000/4567 parents=680 91s S2={'calls': 208, 'hits': 43, 'retries': 101}
13:02:15|WARNING|bulk_search page cap hit for "ZigBee" 2010-2012
13:03:12|INFO   |[20/53] parent_thin=1.00 ZigBee t0=2004 early=2480/2480 confirmed=1344 late=3000/5510 parents=1425 90s S2={'calls': 231, 'hits': 45, 'retries': 113}
13:04:34|INFO   |[21/53] parent_thin=1.00 extreme learning machine t0=2008 early=726/726 confirmed=468 late=2797/2797 parents=426 82s S2={'calls': 247, 'hits': 47, 'retries': 123}
13:05:57|INFO   |[22/53] parent_thin=1.00 wireless body area network t0=2008 early=1039/1039 confirmed=547 late=1679/1679 parents=740 84s S2={'calls': 265, 'hits': 49, 'retries': 134}
13:07:32|INFO   |[23/53] parent_thin=1.00 learning to rank t0=2009 early=747/747 confirmed=374 late=737/737 parents=581 95s S2={'calls': 282, 'hits': 51, 'retries': 147}
13:07:59|WARNING|bulk_search page cap hit for "service-oriented architecture" 2009-2011
13:09:43|INFO   |[24/53] parent_thin=1.49 service-oriented architecture t0=2003 early=3723/3723 confirmed=1108 late=3000/5397 parents=1500 131s S2={'calls': 308, 'hits': 53, 'retries': 161}
13:10:54|INFO   |[25/53] parent_thin=1.00 piRNA t0=2007 early=535/535 confirmed=310 late=689/689 parents=390 70s S2={'calls': 320, 'hits': 55, 'retries': 169}
13:11:30|INFO   |[26/53] parent_thin=1.00 lipidomics t0=2004 early=396/396 confirmed=188 late=808/808 parents=271 36s S2={'calls': 327, 'hits': 57, 'retries': 173}
13:11:38|WARNING|bulk_search page cap hit for "network coding" 2010-2012
13:13:14|INFO   |[27/53] parent_thin=1.00 network coding t0=2004 early=1524/1524 confirmed=946 late=3000/3878 parents=866 105s S2={'calls': 344, 'hits': 59, 'retries': 182}
13:15:18|INFO   |[28/53] parent_thin=3.58 severe acute respiratory syndrome t0=2003 early=6006/6006 confirmed=3994 late=1189/1189 parents=1500 124s S2={'calls': 368, 'hits': 61, 'retries': 192}
13:16:44|WARNING|bulk_search page cap hit for "cognitive radio" 2011-2013
13:19:52|INFO   |[29/53] parent_thin=1.77 cognitive radio t0=2005 early=4684/4684 confirmed=3326 late=3000/9940 parents=1500 274s S2={'calls': 413, 'hits': 63, 'retries': 224}
13:20:13|WARNING|bulk_search page cap hit for "MapReduce" 2014-2016
13:22:17|INFO   |[30/53] parent_thin=1.06 MapReduce t0=2008 early=2720/2720 confirmed=1468 late=3000/5669 parents=1500 145s S2={'calls': 434, 'hits': 65, 'retries': 234}
13:22:26|WARNING|bulk_search page cap hit for "cyber-physical system" 2014-2016
13:22:57|INFO   |[31/53] parent_thin=1.00 cyber-physical system t0=2008 early=1520/1520 confirmed=855 late=3000/4495 parents=865 41s S2={'calls': 442, 'hits': 67, 'retries': 234}
13:23:12|WARNING|bulk_search page cap hit for "induced pluripotent stem cell" 2013-2015
13:24:14|INFO   |[32/53] parent_thin=1.00 induced pluripotent stem cell t0=2007 early=2646/2646 confirmed=1666 late=3000/5813 parents=1403 77s S2={'calls': 456, 'hits': 69, 'retries': 237}
13:25:05|INFO   |[33/53] parent_thin=1.00 carbon capture and storage t0=2006 early=1100/1100 confirmed=471 late=1916/1916 parents=756 51s S2={'calls': 467, 'hits': 71, 'retries': 241}
13:25:29|WARNING|bulk_search page cap hit for "vehicular ad hoc network" | "VANET" 2012-2014
13:26:51|INFO   |[34/53] parent_thin=1.05 vehicular ad hoc network t0=2006 early=2422/2422 confirmed=1699 late=3000/4637 parents=1500 106s S2={'calls': 486, 'hits': 73, 'retries': 249}
13:27:57|WARNING|bulk_search page cap hit for "compressed sensing" | "compressive sensing" 2013-2015
13:29:09|INFO   |[35/53] parent_thin=1.67 compressed sensing t0=2007 early=4194/4194 confirmed=2794 late=3000/8563 parents=1500 137s S2={'calls': 510, 'hits': 75, 'retries': 260}
13:29:51|WARNING|bulk_search page cap hit for "internet of things" 2011-2013
13:29:58|INFO   |[36/53] parent_thin=1.00 internet of things t0=2005 early=391/392 confirmed=168 late=3000/7296 parents=232 49s S2={'calls': 523, 'hits': 77, 'retries': 268}
13:30:18|INFO   |[37/53] parent_thin=1.00 ribotype 027 t0=2007 early=260/260 confirmed=108 late=209/209 parents=196 20s S2={'calls': 528, 'hits': 79, 'retries': 270}
13:31:17|INFO   |[38/53] parent_thin=1.00 folksonomy t0=2006 early=1081/1081 confirmed=284 late=477/477 parents=793 59s S2={'calls': 540, 'hits': 81, 'retries': 276}
13:31:52|INFO   |[39/53] parent_thin=1.00 patient-centered medical home t0=2008 early=859/861 confirmed=494 late=1083/1083 parents=564 35s S2={'calls': 548, 'hits': 83, 'retries': 279}
13:32:20|INFO   |[40/53] parent_thin=1.00 human microbiome t0=2008 early=466/466 confirmed=292 late=1049/1049 parents=274 28s S2={'calls': 555, 'hits': 85, 'retries': 282}
13:35:50|INFO   |[41/53] parent_thin=1.00 natural orifice transluminal endoscopic surgery t0=2007 early=813/813 confirmed=396 late=349/349 parents=642 210s S2={'calls': 584, 'hits': 87, 'retries': 306}
13:36:08|WARNING|bulk_search page cap hit for "transcatheter aortic valve implantation" | "TAVI" 2012-2014
13:36:26|INFO   |[42/53] parent_thin=1.00 transcatheter aortic valve implantation t0=2006 early=765/765 confirmed=380 late=3000/3206 parents=301 36s S2={'calls': 596, 'hits': 89, 'retries': 312}
13:36:49|WARNING|bulk_search page cap hit for "RNA-seq" 2015-2017
13:38:09|INFO   |[43/53] parent_thin=1.24 RNA-seq t0=2009 early=3642/3642 confirmed=2291 late=2999/12056 parents=1500 103s S2={'calls': 616, 'hits': 91, 'retries': 320}
13:39:45|INFO   |[44/53] parent_thin=1.00 memristor t0=2008 early=1052/1052 confirmed=758 late=2274/2274 parents=633 96s S2={'calls': 634, 'hits': 93, 'retries': 330}
13:40:13|WARNING|bulk_search page cap hit for "optogenetics" 2015-2017
13:41:24|INFO   |[45/53] parent_thin=1.00 optogenetics t0=2009 early=1609/1609 confirmed=1082 late=3000/3746 parents=909 99s S2={'calls': 658, 'hits': 95, 'retries': 345}
13:42:55|INFO   |[46/53] parent_thin=1.00 metagenomics t0=2004 early=945/945 confirmed=217 late=2539/2539 parents=562 91s S2={'calls': 674, 'hits': 97, 'retries': 355}
13:44:10|INFO   |[47/53] parent_thin=1.00 LTE-Advanced t0=2008 early=1749/1749 confirmed=1163 late=1644/1644 parents=1077 75s S2={'calls': 688, 'hits': 99, 'retries': 361}
13:44:20|WARNING|bulk_search page cap hit for "cloud computing" 2011-2013
13:45:02|INFO   |[48/53] parent_thin=1.00 cloud computing t0=2005 early=1503/1503 confirmed=679 late=3000/24768 parents=263 51s S2={'calls': 699, 'hits': 101, 'retries': 366}
13:45:26|INFO   |[49/53] parent_thin=1.00 single-incision laparoscopic surgery t0=2009 early=683/683 confirmed=339 late=311/311 parents=540 24s S2={'calls': 705, 'hits': 103, 'retries': 368}
13:46:17|INFO   |[50/53] parent_thin=1.00 ChIP-seq t0=2008 early=1375/1375 confirmed=727 late=2439/2439 parents=826 51s S2={'calls': 715, 'hits': 105, 'retries': 370}
13:47:29|INFO   |[51/53] parent_thin=1.00 copy number variation t0=2005 early=1125/1125 confirmed=608 late=2417/2417 parents=642 72s S2={'calls': 730, 'hits': 107, 'retries': 377}
13:48:00|INFO   |[52/53] parent_thin=1.00 interactome t0=2004 early=645/645 confirmed=357 late=1207/1207 parents=427 31s S2={'calls': 736, 'hits': 109, 'retries': 378}
13:49:09|INFO   |[53/53] parent_thin=1.00 plug-in hybrid electric vehicle t0=2007 early=1076/1076 confirmed=559 late=1145/1145 parents=728 69s S2={'calls': 749, 'hits': 111, 'retries': 384}
