12:51:59|INFO   |OA client: own_total so far=139, last remaining=130
12:52:00|WARNING|singleton W2182006029 skipped: HTTP 404: <!doctype html>
<html lang=en>
<title>404 Not Found</title>
<h1>Not Found</h1>
<p>The requested URL was not fo
12:52:01|WARNING|singleton W2791403253 skipped: HTTP 404: <!doctype html>
<html lang=en>
<title>404 Not Found</title>
<h1>Not Found</h1>
<p>The requested URL was not fo
12:52:02|INFO   |bg cancer_stem_cell: children=100 with_refs=97 refs=912 labelled=683 3s oa_calls=5 oa_credits=139
12:52:08|WARNING|singleton W145439269 skipped: HTTP 404: <!doctype html>
<html lang=en>
<title>404 Not Found</title>
<h1>Not Found</h1>
<p>The requested URL was not fo
12:52:12|WARNING|singleton W2185572096 skipped: HTTP 404: <!doctype html>
<html lang=en>
<title>404 Not Found</title>
<h1>Not Found</h1>
<p>The requested URL was not fo
12:52:47|WARNING|singleton W640704504 skipped: HTTP 404: <!doctype html>
<html lang=en>
<title>404 Not Found</title>
<h1>Not Found</h1>
<p>The requested URL was not fo
12:52:49|WARNING|singleton W2186724332 skipped: HTTP 404: <!doctype html>
<html lang=en>
<title>404 Not Found</title>
<h1>Not Found</h1>
<p>The requested URL was not fo
12:52:49|WARNING|singleton W2292167168 skipped: HTTP 404: <!doctype html>
<html lang=en>
<title>404 Not Found</title>
<h1>Not Found</h1>
<p>The requested URL was not fo
12:52:54|WARNING|singleton W2996477875 skipped: HTTP 404: <!doctype html>
<html lang=en>
<title>404 Not Found</title>
<h1>Not Found</h1>
<p>The requested URL was not fo
12:52:55|WARNING|singleton W2739071228 skipped: HTTP 404: <!doctype html>
<html lang=en>
<title>404 Not Found</title>
<h1>Not Found</h1>
<p>The requested URL was not fo
12:53:13|WARNING|singleton W850137810 skipped: HTTP 404: <!doctype html>
<html lang=en>
<title>404 Not Found</title>
<h1>Not Found</h1>
<p>The requested URL was not fo
12:53:21|WARNING|singleton W2561009960 skipped: HTTP 404: <!doctype html>
<html lang=en>
<title>404 Not Found</title>
<h1>Not Found</h1>
<p>The requested URL was not fo
12:53:22|WARNING|singleton W2187323455 skipped: HTTP 404: <!doctype html>
<html lang=en>
<title>404 Not Found</title>
<h1>Not Found</h1>
<p>The requested URL was not fo
12:54:03|INFO   |bg crowdsourcing: children=200 with_refs=169 refs=1418 labelled=1037 121s oa_calls=333 oa_credits=139
12:54:10|INFO   |OA client: own_total so far=139, last remaining=130
12:54:17|WARNING|singleton W2183639912 skipped: HTTP 404: <!doctype html>
<html lang=en>
<title>404 Not Found</title>
<h1>Not Found</h1>
<p>The requested URL was not fo
12:54:19|WARNING|singleton W230581691 skipped: HTTP 404: <!doctype html>
<html lang=en>
<title>404 Not Found</title>
<h1>Not Found</h1>
<p>The requested URL was not fo
12:54:32|WARNING|singleton W1550924308 skipped: HTTP 404: <!doctype html>
<html lang=en>
<title>404 Not Found</title>
<h1>Not Found</h1>
<p>The requested URL was not fo
12:54:50|INFO   |bg dna_barcoding: children=104 with_refs=94 refs=891 labelled=647 40s oa_calls=183 oa_credits=139
12:54:54|WARNING|singleton W138306670 skipped: HTTP 404: <!doctype html>
<html lang=en>
<title>404 Not Found</title>
<h1>Not Found</h1>
<p>The requested URL was not fo
12:54:56|WARNING|singleton W2145747235 skipped: HTTP 404: <!doctype html>
<html lang=en>
<title>404 Not Found</title>
<h1>Not Found</h1>
<p>The requested URL was not fo
12:55:00|WARNING|singleton W2181981563 skipped: HTTP 404: <!doctype html>
<html lang=en>
<title>404 Not Found</title>
<h1>Not Found</h1>
<p>The requested URL was not fo
12:55:03|WARNING|singleton W2930544858 skipped: HTTP 404: <!doctype html>
<html lang=en>
<title>404 Not Found</title>
<h1>Not Found</h1>
<p>The requested URL was not fo
12:55:05|WARNING|singleton W2567809607 skipped: HTTP 404: <!doctype html>
<html lang=en>
<title>404 Not Found</title>
<h1>Not Found</h1>
<p>The requested URL was not fo
12:55:39|INFO   |bg latent_dirichlet_allocation: children=104 with_refs=86 refs=804 labelled=487 49s oa_calls=391 oa_credits=139
12:55:44|WARNING|singleton W2986760189 skipped: HTTP 404: <!doctype html>
<html lang=en>
<title>404 Not Found</title>
<h1>Not Found</h1>
<p>The requested URL was not fo
12:55:52|WARNING|singleton W2800987750 skipped: HTTP 404: <!doctype html>
<html lang=en>
<title>404 Not Found</title>
<h1>Not Found</h1>
<p>The requested URL was not fo
12:55:54|WARNING|singleton W2975299834 skipped: HTTP 404: <!doctype html>
<html lang=en>
<title>404 Not Found</title>
<h1>Not Found</h1>
<p>The requested URL was not fo
12:55:55|WARNING|singleton W108089891 skipped: HTTP 404: <!doctype html>
<html lang=en>
<title>404 Not Found</title>
<h1>Not Found</h1>
<p>The requested URL was not fo
12:56:19|INFO   |bg mashup: children=147 with_refs=130 refs=980 labelled=731 41s oa_calls=672 oa_credits=139
12:56:24|WARNING|singleton W2781905707 skipped: HTTP 404: <!doctype html>
<html lang=en>
<title>404 Not Found</title>
<h1>Not Found</h1>
<p>The requested URL was not fo
12:56:32|WARNING|singleton W3006316907 skipped: HTTP 404: <!doctype html>
<html lang=en>
<title>404 Not Found</title>
<h1>Not Found</h1>
<p>The requested URL was not fo
12:56:35|WARNING|singleton W1529713701 skipped: HTTP 404: <!doctype html>
<html lang=en>
<title>404 Not Found</title>
<h1>Not Found</h1>
<p>The requested URL was not fo
12:56:59|INFO   |bg pandemic_h1n1: children=146 with_refs=138 refs=1281 labelled=989 40s oa_calls=960 oa_credits=139
12:57:02|WARNING|singleton W2597796890 skipped: HTTP 404: <!doctype html>
<html lang=en>
<title>404 Not Found</title>
<h1>Not Found</h1>
<p>The requested URL was not fo
12:57:08|WARNING|singleton W2068457663 skipped: HTTP 404: <!doctype html>
<html lang=en>
<title>404 Not Found</title>
<h1>Not Found</h1>
<p>The requested URL was not fo
12:57:10|WARNING|singleton W2953501284 skipped: HTTP 404: <!doctype html>
<html lang=en>
<title>404 Not Found</title>
<h1>Not Found</h1>
<p>The requested URL was not fo
12:57:15|WARNING|singleton W2982280988 skipped: HTTP 404: <!doctype html>
<html lang=en>
<title>404 Not Found</title>
<h1>Not Found</h1>
<p>The requested URL was not fo
12:57:17|WARNING|singleton W3021477465 skipped: HTTP 404: <!doctype html>
<html lang=en>
<title>404 Not Found</title>
<h1>Not Found</h1>
<p>The requested URL was not fo
12:57:18|WARNING|singleton W2098315020 skipped: HTTP 404: <!doctype html>
<html lang=en>
<title>404 Not Found</title>
<h1>Not Found</h1>
<p>The requested URL was not fo
12:57:23|WARNING|singleton W2467228510 skipped: HTTP 404: <!doctype html>
<html lang=en>
<title>404 Not Found</title>
<h1>Not Found</h1>
<p>The requested URL was not fo
12:57:23|WARNING|singleton W2183568451 skipped: HTTP 404: <!doctype html>
<html lang=en>
<title>404 Not Found</title>
<h1>Not Found</h1>
<p>The requested URL was not fo
12:57:28|WARNING|singleton W1510389427 skipped: HTTP 404: <!doctype html>
<html lang=en>
<title>404 Not Found</title>
<h1>Not Found</h1>
<p>The requested URL was not fo
12:57:31|WARNING|singleton W179817968 skipped: HTTP 404: <!doctype html>
<html lang=en>
<title>404 Not Found</title>
<h1>Not Found</h1>
<p>The requested URL was not fo
12:57:31|WARNING|singleton W2973638555 skipped: HTTP 404: <!doctype html>
<html lang=en>
<title>404 Not Found</title>
<h1>Not Found</h1>
<p>The requested URL was not fo
12:57:33|WARNING|singleton W2114993732 skipped: HTTP 404: <!doctype html>
<html lang=en>
<title>404 Not Found</title>
<h1>Not Found</h1>
<p>The requested URL was not fo
12:58:22|INFO   |bg smart_grid: children=200 with_refs=174 refs=1323 labelled=1034 83s oa_calls=1317 oa_credits=139
12:58:24|WARNING|singleton W2107234975 skipped: HTTP 404: <!doctype html>
<html lang=en>
<title>404 Not Found</title>
<h1>Not Found</h1>
<p>The requested URL was not fo
12:58:29|WARNING|singleton W2185302665 skipped: HTTP 404: <!doctype html>
<html lang=en>
<title>404 Not Found</title>
<h1>Not Found</h1>
<p>The requested URL was not fo
12:58:29|WARNING|singleton W2617013346 skipped: HTTP 404: <!doctype html>
<html lang=en>
<title>404 Not Found</title>
<h1>Not Found</h1>
<p>The requested URL was not fo
12:58:29|WARNING|singleton W188658897 skipped: HTTP 404: <!doctype html>
<html lang=en>
<title>404 Not Found</title>
<h1>Not Found</h1>
<p>The requested URL was not fo
12:58:30|WARNING|singleton W2182947755 skipped: HTTP 404: <!doctype html>
<html lang=en>
<title>404 Not Found</title>
<h1>Not Found</h1>
<p>The requested URL was not fo
12:58:32|WARNING|singleton W1801365615 skipped: HTTP 404: <!doctype html>
<html lang=en>
<title>404 Not Found</title>
<h1>Not Found</h1>
<p>The requested URL was not fo
12:58:36|WARNING|singleton W2741004236 skipped: HTTP 404: <!doctype html>
<html lang=en>
<title>404 Not Found</title>
<h1>Not Found</h1>
<p>The requested URL was not fo
12:58:42|WARNING|singleton W2186975993 skipped: HTTP 404: <!doctype html>
<html lang=en>
<title>404 Not Found</title>
<h1>Not Found</h1>
<p>The requested URL was not fo
12:58:43|WARNING|singleton W172414003 skipped: HTTP 404: <!doctype html>
<html lang=en>
<title>404 Not Found</title>
<h1>Not Found</h1>
<p>The requested URL was not fo
12:59:07|INFO   |bg wimax: children=158 with_refs=136 refs=881 labelled=638 45s oa_calls=1587 oa_credits=139
12:59:09|WARNING|singleton W2557890883 skipped: HTTP 404: <!doctype html>
<html lang=en>
<title>404 Not Found</title>
<h1>Not Found</h1>
<p>The requested URL was not fo
12:59:17|WARNING|singleton W2188072096 skipped: HTTP 404: <!doctype html>
<html lang=en>
<title>404 Not Found</title>
<h1>Not Found</h1>
<p>The requested URL was not fo
12:59:29|WARNING|singleton W2491920687 skipped: HTTP 404: <!doctype html>
<html lang=en>
<title>404 Not Found</title>
<h1>Not Found</h1>
<p>The requested URL was not fo
12:59:32|WARNING|singleton W2547279489 skipped: HTTP 404: <!doctype html>
<html lang=en>
<title>404 Not Found</title>
<h1>Not Found</h1>
<p>The requested URL was not fo
13:00:23|INFO   |bg comparative_effectiveness_research: children=163 with_refs=150 refs=1252 labelled=1044 76s oa_calls=1880 oa_credits=139
13:00:26|WARNING|singleton W2972581214 skipped: HTTP 404: <!doctype html>
<html lang=en>
<title>404 Not Found</title>
<h1>Not Found</h1>
<p>The requested URL was not fo
13:00:32|WARNING|singleton W2549169593 skipped: HTTP 404: <!doctype html>
<html lang=en>
<title>404 Not Found</title>
<h1>Not Found</h1>
<p>The requested URL was not fo
13:00:37|WARNING|singleton W2312893705 skipped: HTTP 404: <!doctype html>
<html lang=en>
<title>404 Not Found</title>
<h1>Not Found</h1>
<p>The requested URL was not fo
13:00:39|WARNING|singleton W2185221155 skipped: HTTP 404: <!doctype html>
<html lang=en>
<title>404 Not Found</title>
<h1>Not Found</h1>
<p>The requested URL was not fo
13:00:42|WARNING|singleton W2436819699 skipped: HTTP 404: <!doctype html>
<html lang=en>
<title>404 Not Found</title>
<h1>Not Found</h1>
<p>The requested URL was not fo
13:00:50|INFO   |bg long_noncoding_rna: children=107 with_refs=99 refs=962 labelled=744 27s oa_calls=2090 oa_credits=139
13:01:37|INFO   |bg sirtuin: children=90 with_refs=88 refs=845 labelled=578 47s oa_calls=2274 oa_credits=139
13:01:39|WARNING|singleton W2537822588 skipped: HTTP 404: <!doctype html>
<html lang=en>
<title>404 Not Found</title>
<h1>Not Found</h1>
<p>The requested URL was not fo
13:01:42|WARNING|singleton W2946112361 skipped: HTTP 404: <!doctype html>
<html lang=en>
<title>404 Not Found</title>
<h1>Not Found</h1>
<p>The requested URL was not fo
13:01:46|WARNING|singleton W2467268905 skipped: HTTP 404: <!doctype html>
<html lang=en>
<title>404 Not Found</title>
<h1>Not Found</h1>
<p>The requested URL was not fo
13:01:52|WARNING|singleton W2892578197 skipped: HTTP 404: <!doctype html>
<html lang=en>
<title>404 Not Found</title>
<h1>Not Found</h1>
<p>The requested URL was not fo
13:02:03|INFO   |bg social_tagging: children=116 with_refs=98 refs=862 labelled=561 26s oa_calls=2482 oa_credits=139
13:02:05|WARNING|singleton W2969508185 skipped: HTTP 404: <!doctype html>
<html lang=en>
<title>404 Not Found</title>
<h1>Not Found</h1>
<p>The requested URL was not fo
13:02:05|WARNING|singleton W2740708276 skipped: HTTP 404: <!doctype html>
<html lang=en>
<title>404 Not Found</title>
<h1>Not Found</h1>
<p>The requested URL was not fo
13:02:08|WARNING|singleton W2182535970 skipped: HTTP 404: <!doctype html>
<html lang=en>
<title>404 Not Found</title>
<h1>Not Found</h1>
<p>The requested URL was not fo
13:02:09|WARNING|singleton W16753900 skipped: HTTP 404: <!doctype html>
<html lang=en>
<title>404 Not Found</title>
<h1>Not Found</h1>
<p>The requested URL was not fo
13:02:10|WARNING|singleton W2609247413 skipped: HTTP 404: <!doctype html>
<html lang=en>
<title>404 Not Found</title>
<h1>Not Found</h1>
<p>The requested URL was not fo
13:02:10|WARNING|singleton W2887732075 skipped: HTTP 404: <!doctype html>
<html lang=en>
<title>404 Not Found</title>
<h1>Not Found</h1>
<p>The requested URL was not fo
13:02:14|WARNING|singleton W2132207273 skipped: HTTP 404: <!doctype html>
<html lang=en>
<title>404 Not Found</title>
<h1>Not Found</h1>
<p>The requested URL was not fo
13:02:17|WARNING|singleton W1541952899 skipped: HTTP 404: <!doctype html>
<html lang=en>
<title>404 Not Found</title>
<h1>Not Found</h1>
<p>The requested URL was not fo
13:02:18|WARNING|singleton W2940869806 skipped: HTTP 404: <!doctype html>
<html lang=en>
<title>404 Not Found</title>
<h1>Not Found</h1>
<p>The requested URL was not fo
13:02:25|WARNING|singleton W2508959602 skipped: HTTP 404: <!doctype html>
<html lang=en>
<title>404 Not Found</title>
<h1>Not Found</h1>
<p>The requested URL was not fo
13:02:31|WARNING|singleton W2433601908 skipped: HTTP 404: <!doctype html>
<html lang=en>
<title>404 Not Found</title>
<h1>Not Found</h1>
<p>The requested URL was not fo
13:02:42|WARNING|singleton W2180877811 skipped: HTTP 404: <!doctype html>
<html lang=en>
<title>404 Not Found</title>
<h1>Not Found</h1>
<p>The requested URL was not fo
13:03:22|INFO   |bg synthetic_biology: children=199 with_refs=177 refs=1673 labelled=1236 79s oa_calls=2870 oa_credits=139
13:03:23|WARNING|singleton W2182147818 skipped: HTTP 404: <!doctype html>
<html lang=en>
<title>404 Not Found</title>
<h1>Not Found</h1>
<p>The requested URL was not fo
13:03:34|WARNING|singleton W3094450547 skipped: HTTP 404: <!doctype html>
<html lang=en>
<title>404 Not Found</title>
<h1>Not Found</h1>
<p>The requested URL was not fo
13:03:36|WARNING|singleton W184343923 skipped: HTTP 404: <!doctype html>
<html lang=en>
<title>404 Not Found</title>
<h1>Not Found</h1>
<p>The requested URL was not fo
13:03:39|WARNING|singleton W2549744796 skipped: HTTP 404: <!doctype html>
<html lang=en>
<title>404 Not Found</title>
<h1>Not Found</h1>
<p>The requested URL was not fo
13:03:44|WARNING|singleton W2752931945 skipped: HTTP 404: <!doctype html>
<html lang=en>
<title>404 Not Found</title>
<h1>Not Found</h1>
<p>The requested URL was not fo
13:04:19|INFO   |bg energy_harvesting: children=165 with_refs=154 refs=1242 labelled=688 56s oa_calls=3183 oa_credits=139
13:04:30|INFO   |bg next_generation_sequencing: children=38 with_refs=37 refs=367 labelled=317 11s oa_calls=3256 oa_credits=139
13:04:37|WARNING|singleton W2355996365 skipped: HTTP 404: <!doctype html>
<html lang=en>
<title>404 Not Found</title>
<h1>Not Found</h1>
<p>The requested URL was not fo
13:04:43|WARNING|singleton W2768370019 skipped: HTTP 404: <!doctype html>
<html lang=en>
<title>404 Not Found</title>
<h1>Not Found</h1>
<p>The requested URL was not fo
13:04:55|INFO   |bg takotsubo_cardiomyopathy: children=101 with_refs=99 refs=727 labelled=349 26s oa_calls=3449 oa_credits=139
13:05:05|WARNING|singleton W968285185 skipped: HTTP 404: <!doctype html>
<html lang=en>
<title>404 Not Found</title>
<h1>Not Found</h1>
<p>The requested URL was not fo
13:05:09|WARNING|singleton W79272257 skipped: HTTP 404: <!doctype html>
<html lang=en>
<title>404 Not Found</title>
<h1>Not Found</h1>
<p>The requested URL was not fo
13:05:12|WARNING|singleton W2171720623 skipped: HTTP 404: <!doctype html>
<html lang=en>
<title>404 Not Found</title>
<h1>Not Found</h1>
<p>The requested URL was not fo
13:05:13|WARNING|singleton W2169190612 skipped: HTTP 404: <!doctype html>
<html lang=en>
<title>404 Not Found</title>
<h1>Not Found</h1>
<p>The requested URL was not fo
13:05:20|INFO   |bg zigbee: children=109 with_refs=93 refs=521 labelled=386 25s oa_calls=3658 oa_credits=139
13:05:25|WARNING|singleton W2979505793 skipped: HTTP 404: <!doctype html>
<html lang=en>
<title>404 Not Found</title>
<h1>Not Found</h1>
<p>The requested URL was not fo
13:05:25|WARNING|singleton W2105843807 skipped: HTTP 404: <!doctype html>
<html lang=en>
<title>404 Not Found</title>
<h1>Not Found</h1>
<p>The requested URL was not fo
13:05:25|WARNING|singleton W2747823963 skipped: HTTP 404: <!doctype html>
<html lang=en>
<title>404 Not Found</title>
<h1>Not Found</h1>
<p>The requested URL was not fo
13:05:26|WARNING|singleton W2567172255 skipped: HTTP 404: <!doctype html>
<html lang=en>
<title>404 Not Found</title>
<h1>Not Found</h1>
<p>The requested URL was not fo
13:05:34|INFO   |bg extreme_learning_machine: children=124 with_refs=115 refs=1042 labelled=728 14s oa_calls=3782 oa_credits=139
13:06:16|WARNING|singleton W2146497634 skipped: HTTP 404: <!doctype html>
<html lang=en>
<title>404 Not Found</title>
<h1>Not Found</h1>
<p>The requested URL was not fo
13:06:17|WARNING|singleton W2907396596 skipped: HTTP 404: <!doctype html>
<html lang=en>
<title>404 Not Found</title>
<h1>Not Found</h1>
<p>The requested URL was not fo
13:06:25|WARNING|singleton W2543735978 skipped: HTTP 404: <!doctype html>
<html lang=en>
<title>404 Not Found</title>
<h1>Not Found</h1>
<p>The requested URL was not fo
13:06:28|WARNING|singleton W2189589891 skipped: HTTP 404: <!doctype html>
<html lang=en>
<title>404 Not Found</title>
<h1>Not Found</h1>
<p>The requested URL was not fo
13:06:30|WARNING|singleton W2188004420 skipped: HTTP 404: <!doctype html>
<html lang=en>
<title>404 Not Found</title>
<h1>Not Found</h1>
<p>The requested URL was not fo
13:06:40|WARNING|singleton W2798283713 skipped: HTTP 404: <!doctype html>
<html lang=en>
<title>404 Not Found</title>
<h1>Not Found</h1>
<p>The requested URL was not fo
13:06:53|INFO   |bg wireless_body_area_network: children=200 with_refs=184 refs=1460 labelled=898 39s oa_calls=4082 oa_credits=139
13:07:37|WARNING|singleton W2784907449 skipped: HTTP 404: <!doctype html>
<html lang=en>
<title>404 Not Found</title>
<h1>Not Found</h1>
<p>The requested URL was not fo
13:07:39|WARNING|singleton W2295200635 skipped: HTTP 404: <!doctype html>
<html lang=en>
<title>404 Not Found</title>
<h1>Not Found</h1>
<p>The requested URL was not fo
13:07:46|WARNING|singleton W2952894705 skipped: HTTP 404: <!doctype html>
<html lang=en>
<title>404 Not Found</title>
<h1>Not Found</h1>
<p>The requested URL was not fo
13:07:47|WARNING|singleton W2962977416 skipped: HTTP 404: <!doctype html>
<html lang=en>
<title>404 Not Found</title>
<h1>Not Found</h1>
<p>The requested URL was not fo
13:08:03|INFO   |bg learning_to_rank: children=103 with_refs=95 refs=862 labelled=519 29s oa_calls=4275 oa_credits=139
13:10:09|WARNING|singleton W120471740 skipped: HTTP 404: <!doctype html>
<html lang=en>
<title>404 Not Found</title>
<h1>Not Found</h1>
<p>The requested URL was not fo
13:10:10|WARNING|singleton W29357637 skipped: HTTP 404: <!doctype html>
<html lang=en>
<title>404 Not Found</title>
<h1>Not Found</h1>
<p>The requested URL was not fo
13:10:11|WARNING|singleton W2188866479 skipped: HTTP 404: <!doctype html>
<html lang=en>
<title>404 Not Found</title>
<h1>Not Found</h1>
<p>The requested URL was not fo
13:10:14|WARNING|singleton W2188410647 skipped: HTTP 404: <!doctype html>
<html lang=en>
<title>404 Not Found</title>
<h1>Not Found</h1>
<p>The requested URL was not fo
13:10:19|WARNING|singleton W2568034188 skipped: HTTP 404: <!doctype html>
<html lang=en>
<title>404 Not Found</title>
<h1>Not Found</h1>
<p>The requested URL was not fo
13:10:20|WARNING|singleton W2184957387 skipped: HTTP 404: <!doctype html>
<html lang=en>
<title>404 Not Found</title>
<h1>Not Found</h1>
<p>The requested URL was not fo
13:10:21|WARNING|singleton W1569378974 skipped: HTTP 404: <!doctype html>
<html lang=en>
<title>404 Not Found</title>
<h1>Not Found</h1>
<p>The requested URL was not fo
13:10:34|INFO   |bg service_oriented_architecture: children=160 with_refs=138 refs=1074 labelled=838 30s oa_calls=4481 oa_credits=139
13:10:58|WARNING|singleton W2462251878 skipped: HTTP 404: <!doctype html>
<html lang=en>
<title>404 Not Found</title>
<h1>Not Found</h1>
<p>The requested URL was not fo
13:11:01|WARNING|singleton W2343668772 skipped: HTTP 404: <!doctype html>
<html lang=en>
<title>404 Not Found</title>
<h1>Not Found</h1>
<p>The requested URL was not fo
13:11:11|WARNING|singleton W1982249077 skipped: HTTP 404: <!doctype html>
<html lang=en>
<title>404 Not Found</title>
<h1>Not Found</h1>
<p>The requested URL was not fo
13:12:14|INFO   |bg pirna: children=106 with_refs=101 refs=971 labelled=679 80s oa_calls=4706 oa_credits=139
13:12:43|INFO   |bg lipidomics: children=63 with_refs=63 refs=604 labelled=514 29s oa_calls=4808 oa_credits=139
13:13:29|WARNING|singleton W2183990034 skipped: HTTP 404: <!doctype html>
<html lang=en>
<title>404 Not Found</title>
<h1>Not Found</h1>
<p>The requested URL was not fo
13:13:29|WARNING|singleton W192061021 skipped: HTTP 404: <!doctype html>
<html lang=en>
<title>404 Not Found</title>
<h1>Not Found</h1>
<p>The requested URL was not fo
13:13:31|WARNING|singleton W2891951059 skipped: HTTP 404: <!doctype html>
<html lang=en>
<title>404 Not Found</title>
<h1>Not Found</h1>
<p>The requested URL was not fo
13:13:35|WARNING|singleton W2182143975 skipped: HTTP 404: <!doctype html>
<html lang=en>
<title>404 Not Found</title>
<h1>Not Found</h1>
<p>The requested URL was not fo
13:13:36|WARNING|singleton W2009314520 skipped: HTTP 404: <!doctype html>
<html lang=en>
<title>404 Not Found</title>
<h1>Not Found</h1>
<p>The requested URL was not fo
13:13:47|WARNING|singleton W3098008036 skipped: HTTP 404: <!doctype html>
<html lang=en>
<title>404 Not Found</title>
<h1>Not Found</h1>
<p>The requested URL was not fo
13:13:51|INFO   |bg network_coding: children=118 with_refs=99 refs=814 labelled=461 28s oa_calls=5020 oa_credits=139
13:15:36|WARNING|singleton W2183574316 skipped: HTTP 404: <!doctype html>
<html lang=en>
<title>404 Not Found</title>
<h1>Not Found</h1>
<p>The requested URL was not fo
13:15:43|WARNING|singleton W2953024817 skipped: HTTP 404: <!doctype html>
<html lang=en>
<title>404 Not Found</title>
<h1>Not Found</h1>
<p>The requested URL was not fo
13:15:58|WARNING|singleton W2187933164 skipped: HTTP 404: <!doctype html>
<html lang=en>
<title>404 Not Found</title>
<h1>Not Found</h1>
<p>The requested URL was not fo
13:16:23|INFO   |bg severe_acute_respiratory_syndrome: children=200 with_refs=195 refs=1588 labelled=1158 52s oa_calls=5367 oa_credits=139
13:20:06|WARNING|singleton W3147581576 skipped: HTTP 404: <!doctype html>
<html lang=en>
<title>404 Not Found</title>
<h1>Not Found</h1>
<p>The requested URL was not fo
13:20:07|WARNING|singleton W1481170745 skipped: HTTP 404: <!doctype html>
<html lang=en>
<title>404 Not Found</title>
<h1>Not Found</h1>
<p>The requested URL was not fo
13:20:09|WARNING|singleton W2181430594 skipped: HTTP 404: <!doctype html>
<html lang=en>
<title>404 Not Found</title>
<h1>Not Found</h1>
<p>The requested URL was not fo
13:20:17|WARNING|singleton W2950061964 skipped: HTTP 404: <!doctype html>
<html lang=en>
<title>404 Not Found</title>
<h1>Not Found</h1>
<p>The requested URL was not fo
13:20:19|WARNING|singleton W2899687945 skipped: HTTP 404: <!doctype html>
<html lang=en>
<title>404 Not Found</title>
<h1>Not Found</h1>
<p>The requested URL was not fo
13:20:22|WARNING|singleton W2431843421 skipped: HTTP 404: <!doctype html>
<html lang=en>
<title>404 Not Found</title>
<h1>Not Found</h1>
<p>The requested URL was not fo
13:20:28|WARNING|singleton W2187698682 skipped: HTTP 404: <!doctype html>
<html lang=en>
<title>404 Not Found</title>
<h1>Not Found</h1>
<p>The requested URL was not fo
13:20:33|INFO   |bg cognitive_radio: children=104 with_refs=90 refs=611 labelled=402 28s oa_calls=5563 oa_credits=139
13:22:36|WARNING|singleton W2235478132 skipped: HTTP 404: <!doctype html>
<html lang=en>
<title>404 Not Found</title>
<h1>Not Found</h1>
<p>The requested URL was not fo
13:22:50|WARNING|singleton W56722170 skipped: HTTP 404: <!doctype html>
<html lang=en>
<title>404 Not Found</title>
<h1>Not Found</h1>
<p>The requested URL was not fo
13:22:53|WARNING|singleton W2183157609 skipped: HTTP 404: <!doctype html>
<html lang=en>
<title>404 Not Found</title>
<h1>Not Found</h1>
<p>The requested URL was not fo
13:22:53|WARNING|singleton W2955621662 skipped: HTTP 404: <!doctype html>
<html lang=en>
<title>404 Not Found</title>
<h1>Not Found</h1>
<p>The requested URL was not fo
13:22:54|WARNING|singleton W2318221659 skipped: HTTP 404: <!doctype html>
<html lang=en>
<title>404 Not Found</title>
<h1>Not Found</h1>
<p>The requested URL was not fo
13:22:55|WARNING|singleton W2912493427 skipped: HTTP 404: <!doctype html>
<html lang=en>
<title>404 Not Found</title>
<h1>Not Found</h1>
<p>The requested URL was not fo
13:23:08|INFO   |bg mapreduce: children=142 with_refs=121 refs=943 labelled=658 35s oa_calls=5845 oa_credits=139
13:23:10|WARNING|singleton W2461253099 skipped: HTTP 404: <!doctype html>
<html lang=en>
<title>404 Not Found</title>
<h1>Not Found</h1>
<p>The requested URL was not fo
13:23:10|WARNING|singleton W2001069728 skipped: HTTP 404: <!doctype html>
<html lang=en>
<title>404 Not Found</title>
<h1>Not Found</h1>
<p>The requested URL was not fo
13:23:14|WARNING|singleton W2342692335 skipped: HTTP 404: <!doctype html>
<html lang=en>
<title>404 Not Found</title>
<h1>Not Found</h1>
<p>The requested URL was not fo
13:23:22|INFO   |bg cyber_physical_system: children=101 with_refs=89 refs=682 labelled=533 15s oa_calls=5956 oa_credits=139
13:24:34|WARNING|singleton W2183823943 skipped: HTTP 404: <!doctype html>
<html lang=en>
<title>404 Not Found</title>
<h1>Not Found</h1>
<p>The requested URL was not fo
13:24:54|INFO   |bg induced_pluripotent_stem_cell: children=106 with_refs=99 refs=934 labelled=675 31s oa_calls=6166 oa_credits=139
13:25:22|WARNING|singleton W2377797267 skipped: HTTP 404: <!doctype html>
<html lang=en>
<title>404 Not Found</title>
<h1>Not Found</h1>
<p>The requested URL was not fo
13:25:23|WARNING|singleton W2186280953 skipped: HTTP 404: <!doctype html>
<html lang=en>
<title>404 Not Found</title>
<h1>Not Found</h1>
<p>The requested URL was not fo
13:25:25|WARNING|singleton W2349317616 skipped: HTTP 404: <!doctype html>
<html lang=en>
<title>404 Not Found</title>
<h1>Not Found</h1>
<p>The requested URL was not fo
13:25:25|WARNING|singleton W2134633170 skipped: HTTP 404: <!doctype html>
<html lang=en>
<title>404 Not Found</title>
<h1>Not Found</h1>
<p>The requested URL was not fo
13:25:26|WARNING|singleton W1560013897 skipped: HTTP 404: <!doctype html>
<html lang=en>
<title>404 Not Found</title>
<h1>Not Found</h1>
<p>The requested URL was not fo
13:25:27|WARNING|singleton W2908461197 skipped: HTTP 404: <!doctype html>
<html lang=en>
<title>404 Not Found</title>
<h1>Not Found</h1>
<p>The requested URL was not fo
13:25:27|WARNING|singleton W2555024254 skipped: HTTP 404: <!doctype html>
<html lang=en>
<title>404 Not Found</title>
<h1>Not Found</h1>
<p>The requested URL was not fo
13:25:28|WARNING|singleton W2623804966 skipped: HTTP 404: <!doctype html>
<html lang=en>
<title>404 Not Found</title>
<h1>Not Found</h1>
<p>The requested URL was not fo
13:25:30|WARNING|singleton W2573437374 skipped: HTTP 404: <!doctype html>
<html lang=en>
<title>404 Not Found</title>
<h1>Not Found</h1>
<p>The requested URL was not fo
13:25:31|WARNING|singleton W2801261657 skipped: HTTP 404: <!doctype html>
<html lang=en>
<title>404 Not Found</title>
<h1>Not Found</h1>
<p>The requested URL was not fo
13:25:33|WARNING|singleton W2732622519 skipped: HTTP 404: <!doctype html>
<html lang=en>
<title>404 Not Found</title>
<h1>Not Found</h1>
<p>The requested URL was not fo
13:25:34|WARNING|singleton W2182281352 skipped: HTTP 404: <!doctype html>
<html lang=en>
<title>404 Not Found</title>
<h1>Not Found</h1>
<p>The requested URL was not fo
13:25:35|WARNING|singleton W2607680159 skipped: HTTP 404: <!doctype html>
<html lang=en>
<title>404 Not Found</title>
<h1>Not Found</h1>
<p>The requested URL was not fo
13:25:51|INFO   |bg carbon_capture_and_storage: children=140 with_refs=116 refs=955 labelled=742 37s oa_calls=6418 oa_credits=139
13:27:14|WARNING|singleton W1592251226 skipped: HTTP 404: <!doctype html>
<html lang=en>
<title>404 Not Found</title>
<h1>Not Found</h1>
<p>The requested URL was not fo
13:27:17|WARNING|singleton W2069394026 skipped: HTTP 404: <!doctype html>
<html lang=en>
<title>404 Not Found</title>
<h1>Not Found</h1>
<p>The requested URL was not fo
13:27:19|WARNING|singleton W2885180884 skipped: HTTP 404: <!doctype html>
<html lang=en>
<title>404 Not Found</title>
<h1>Not Found</h1>
<p>The requested URL was not fo
13:27:23|WARNING|singleton W2596956801 skipped: HTTP 404: <!doctype html>
<html lang=en>
<title>404 Not Found</title>
<h1>Not Found</h1>
<p>The requested URL was not fo
13:27:31|INFO   |bg vehicular_ad_hoc_network: children=106 with_refs=93 refs=768 labelled=493 20s oa_calls=6573 oa_credits=139
13:29:18|WARNING|singleton W1550764810 skipped: HTTP 404: <!doctype html>
<html lang=en>
<title>404 Not Found</title>
<h1>Not Found</h1>
<p>The requested URL was not fo
13:29:18|WARNING|singleton W2996464665 skipped: HTTP 404: <!doctype html>
<html lang=en>
<title>404 Not Found</title>
<h1>Not Found</h1>
<p>The requested URL was not fo
13:29:20|WARNING|singleton W97616864 skipped: HTTP 404: <!doctype html>
<html lang=en>
<title>404 Not Found</title>
<h1>Not Found</h1>
<p>The requested URL was not fo
13:29:20|WARNING|singleton W2481780331 skipped: HTTP 404: <!doctype html>
<html lang=en>
<title>404 Not Found</title>
<h1>Not Found</h1>
<p>The requested URL was not fo
13:29:21|WARNING|singleton W1482532994 skipped: HTTP 404: <!doctype html>
<html lang=en>
<title>404 Not Found</title>
<h1>Not Found</h1>
<p>The requested URL was not fo
13:29:29|WARNING|singleton W3011087804 skipped: HTTP 404: <!doctype html>
<html lang=en>
<title>404 Not Found</title>
<h1>Not Found</h1>
<p>The requested URL was not fo
13:29:33|WARNING|singleton W3098848552 skipped: HTTP 404: <!doctype html>
<html lang=en>
<title>404 Not Found</title>
<h1>Not Found</h1>
<p>The requested URL was not fo
13:29:35|WARNING|singleton W2987523949 skipped: HTTP 404: <!doctype html>
<html lang=en>
<title>404 Not Found</title>
<h1>Not Found</h1>
<p>The requested URL was not fo
13:29:39|WARNING|singleton W2337459094 skipped: HTTP 404: <!doctype html>
<html lang=en>
<title>404 Not Found</title>
<h1>Not Found</h1>
<p>The requested URL was not fo
13:29:42|WARNING|singleton W2950236838 skipped: HTTP 404: <!doctype html>
<html lang=en>
<title>404 Not Found</title>
<h1>Not Found</h1>
<p>The requested URL was not fo
13:29:55|WARNING|singleton W2949957560 skipped: HTTP 404: <!doctype html>
<html lang=en>
<title>404 Not Found</title>
<h1>Not Found</h1>
<p>The requested URL was not fo
13:29:55|WARNING|singleton W162783924 skipped: HTTP 404: <!doctype html>
<html lang=en>
<title>404 Not Found</title>
<h1>Not Found</h1>
<p>The requested URL was not fo
13:29:57|WARNING|singleton W2949171284 skipped: HTTP 404: <!doctype html>
<html lang=en>
<title>404 Not Found</title>
<h1>Not Found</h1>
<p>The requested URL was not fo
13:30:27|INFO   |bg compressed_sensing: children=200 with_refs=176 refs=1496 labelled=797 75s oa_calls=6954 oa_credits=139
13:30:29|WARNING|singleton W2241710718 skipped: HTTP 404: <!doctype html>
<html lang=en>
<title>404 Not Found</title>
<h1>Not Found</h1>
<p>The requested URL was not fo
13:30:30|WARNING|singleton W45165262 skipped: HTTP 404: <!doctype html>
<html lang=en>
<title>404 Not Found</title>
<h1>Not Found</h1>
<p>The requested URL was not fo
13:30:38|INFO   |bg internet_of_things: children=19 with_refs=15 refs=130 labelled=98 11s oa_calls=6979 oa_credits=139
13:30:43|WARNING|singleton W2943625145 skipped: HTTP 404: <!doctype html>
<html lang=en>
<title>404 Not Found</title>
<h1>Not Found</h1>
<p>The requested URL was not fo
13:30:52|WARNING|singleton W2740218769 skipped: HTTP 404: <!doctype html>
<html lang=en>
<title>404 Not Found</title>
<h1>Not Found</h1>
<p>The requested URL was not fo
13:30:55|WARNING|singleton W209826580 skipped: HTTP 404: <!doctype html>
<html lang=en>
<title>404 Not Found</title>
<h1>Not Found</h1>
<p>The requested URL was not fo
13:30:58|WARNING|singleton W2925323786 skipped: HTTP 404: <!doctype html>
<html lang=en>
<title>404 Not Found</title>
<h1>Not Found</h1>
<p>The requested URL was not fo
13:31:02|INFO   |bg ribotype_027: children=101 with_refs=94 refs=821 labelled=494 24s oa_calls=7181 oa_credits=139
13:31:24|WARNING|singleton W2396532263 skipped: HTTP 404: <!doctype html>
<html lang=en>
<title>404 Not Found</title>
<h1>Not Found</h1>
<p>The requested URL was not fo
13:31:24|WARNING|singleton W2188852998 skipped: HTTP 404: <!doctype html>
<html lang=en>
<title>404 Not Found</title>
<h1>Not Found</h1>
<p>The requested URL was not fo
13:31:30|WARNING|singleton W69684474 skipped: HTTP 404: <!doctype html>
<html lang=en>
<title>404 Not Found</title>
<h1>Not Found</h1>
<p>The requested URL was not fo
13:31:42|WARNING|singleton W2741628717 skipped: HTTP 404: <!doctype html>
<html lang=en>
<title>404 Not Found</title>
<h1>Not Found</h1>
<p>The requested URL was not fo
13:31:43|WARNING|singleton W2892578197 skipped: HTTP 404: <!doctype html>
<html lang=en>
<title>404 Not Found</title>
<h1>Not Found</h1>
<p>The requested URL was not fo
13:32:05|INFO   |bg folksonomy: children=128 with_refs=109 refs=879 labelled=586 43s oa_calls=7406 oa_credits=139
13:32:09|WARNING|singleton W2334892724 skipped: HTTP 404: <!doctype html>
<html lang=en>
<title>404 Not Found</title>
<h1>Not Found</h1>
<p>The requested URL was not fo
13:32:23|WARNING|singleton W339617186 skipped: HTTP 404: <!doctype html>
<html lang=en>
<title>404 Not Found</title>
<h1>Not Found</h1>
<p>The requested URL was not fo
13:32:23|WARNING|singleton W2185853700 skipped: HTTP 404: <!doctype html>
<html lang=en>
<title>404 Not Found</title>
<h1>Not Found</h1>
<p>The requested URL was not fo
13:32:44|INFO   |bg patient_centered_medical_home: children=116 with_refs=107 refs=857 labelled=630 39s oa_calls=7623 oa_credits=139
13:32:46|WARNING|singleton W2104422209 skipped: HTTP 404: <!doctype html>
<html lang=en>
<title>404 Not Found</title>
<h1>Not Found</h1>
<p>The requested URL was not fo
13:32:49|WARNING|singleton W10941573 skipped: HTTP 404: <!doctype html>
<html lang=en>
<title>404 Not Found</title>
<h1>Not Found</h1>
<p>The requested URL was not fo
13:32:55|WARNING|singleton W3021588947 skipped: HTTP 404: <!doctype html>
<html lang=en>
<title>404 Not Found</title>
<h1>Not Found</h1>
<p>The requested URL was not fo
13:32:55|WARNING|singleton W1582426372 skipped: HTTP 404: <!doctype html>
<html lang=en>
<title>404 Not Found</title>
<h1>Not Found</h1>
<p>The requested URL was not fo
13:32:58|WARNING|singleton W2273661426 skipped: HTTP 404: <!doctype html>
<html lang=en>
<title>404 Not Found</title>
<h1>Not Found</h1>
<p>The requested URL was not fo
13:33:11|INFO   |bg human_microbiome: children=80 with_refs=74 refs=721 labelled=578 27s oa_calls=7786 oa_credits=139
13:36:00|WARNING|singleton W25569008 skipped: HTTP 404: <!doctype html>
<html lang=en>
<title>404 Not Found</title>
<h1>Not Found</h1>
<p>The requested URL was not fo
13:36:04|WARNING|singleton W2339894953 skipped: HTTP 404: <!doctype html>
<html lang=en>
<title>404 Not Found</title>
<h1>Not Found</h1>
<p>The requested URL was not fo
13:36:08|WARNING|singleton W2186459428 skipped: HTTP 404: <!doctype html>
<html lang=en>
<title>404 Not Found</title>
<h1>Not Found</h1>
<p>The requested URL was not fo
13:36:09|WARNING|singleton W2920614402 skipped: HTTP 404: <!doctype html>
<html lang=en>
<title>404 Not Found</title>
<h1>Not Found</h1>
<p>The requested URL was not fo
13:36:09|WARNING|singleton W315371289 skipped: HTTP 404: <!doctype html>
<html lang=en>
<title>404 Not Found</title>
<h1>Not Found</h1>
<p>The requested URL was not fo
13:36:43|INFO   |bg natural_orifice_transluminal_endoscopic_surgery: children=104 with_refs=99 refs=806 labelled=524 51s oa_calls=7971 oa_credits=139
13:36:50|WARNING|singleton W2186489391 skipped: HTTP 404: <!doctype html>
<html lang=en>
<title>404 Not Found</title>
<h1>Not Found</h1>
<p>The requested URL was not fo
13:36:53|WARNING|singleton W2042977106 skipped: HTTP 404: <!doctype html>
<html lang=en>
<title>404 Not Found</title>
<h1>Not Found</h1>
<p>The requested URL was not fo
13:36:59|WARNING|singleton W2146770382 skipped: HTTP 404: <!doctype html>
<html lang=en>
<title>404 Not Found</title>
<h1>Not Found</h1>
<p>The requested URL was not fo
13:37:00|WARNING|singleton W2333163865 skipped: HTTP 404: <!doctype html>
<html lang=en>
<title>404 Not Found</title>
<h1>Not Found</h1>
<p>The requested URL was not fo
13:37:02|WARNING|singleton W2183580308 skipped: HTTP 404: <!doctype html>
<html lang=en>
<title>404 Not Found</title>
<h1>Not Found</h1>
<p>The requested URL was not fo
13:37:07|WARNING|singleton W2340634038 skipped: HTTP 404: <!doctype html>
<html lang=en>
<title>404 Not Found</title>
<h1>Not Found</h1>
<p>The requested URL was not fo
13:37:11|INFO   |bg transcatheter_aortic_valve_implantation: children=103 with_refs=92 refs=772 labelled=385 27s oa_calls=8196 oa_credits=139
13:38:15|WARNING|singleton W2963037296 skipped: HTTP 404: <!doctype html>
<html lang=en>
<title>404 Not Found</title>
<h1>Not Found</h1>
<p>The requested URL was not fo
13:38:20|WARNING|singleton W2395759256 skipped: HTTP 404: <!doctype html>
<html lang=en>
<title>404 Not Found</title>
<h1>Not Found</h1>
<p>The requested URL was not fo
13:38:29|WARNING|singleton W2366934649 skipped: HTTP 404: <!doctype html>
<html lang=en>
<title>404 Not Found</title>
<h1>Not Found</h1>
<p>The requested URL was not fo
13:39:15|INFO   |bg rna_seq: children=147 with_refs=142 refs=1335 labelled=1060 64s oa_calls=8473 oa_credits=139
13:39:57|WARNING|singleton W2964043515 skipped: HTTP 404: <!doctype html>
<html lang=en>
<title>404 Not Found</title>
<h1>Not Found</h1>
<p>The requested URL was not fo
13:39:58|WARNING|singleton W2182056523 skipped: HTTP 404: <!doctype html>
<html lang=en>
<title>404 Not Found</title>
<h1>Not Found</h1>
<p>The requested URL was not fo
13:40:05|WARNING|singleton W2852064736 skipped: HTTP 404: <!doctype html>
<html lang=en>
<title>404 Not Found</title>
<h1>Not Found</h1>
<p>The requested URL was not fo
13:40:09|WARNING|singleton W2492779480 skipped: HTTP 404: <!doctype html>
<html lang=en>
<title>404 Not Found</title>
<h1>Not Found</h1>
<p>The requested URL was not fo
13:40:09|WARNING|singleton W2554320683 skipped: HTTP 404: <!doctype html>
<html lang=en>
<title>404 Not Found</title>
<h1>Not Found</h1>
<p>The requested URL was not fo
13:40:24|WARNING|singleton W2523781072 skipped: HTTP 404: <!doctype html>
<html lang=en>
<title>404 Not Found</title>
<h1>Not Found</h1>
<p>The requested URL was not fo
13:40:27|WARNING|singleton W2468543895 skipped: HTTP 404: <!doctype html>
<html lang=en>
<title>404 Not Found</title>
<h1>Not Found</h1>
<p>The requested URL was not fo
13:40:30|WARNING|singleton W123005772 skipped: HTTP 404: <!doctype html>
<html lang=en>
<title>404 Not Found</title>
<h1>Not Found</h1>
<p>The requested URL was not fo
13:40:32|WARNING|singleton W2336847884 skipped: HTTP 404: <!doctype html>
<html lang=en>
<title>404 Not Found</title>
<h1>Not Found</h1>
<p>The requested URL was not fo
13:40:53|INFO   |bg memristor: children=200 with_refs=187 refs=1453 labelled=796 58s oa_calls=8876 oa_credits=139
13:41:40|WARNING|singleton W2245573664 skipped: HTTP 404: <!doctype html>
<html lang=en>
<title>404 Not Found</title>
<h1>Not Found</h1>
<p>The requested URL was not fo
13:41:41|WARNING|singleton W2261386087 skipped: HTTP 404: <!doctype html>
<html lang=en>
<title>404 Not Found</title>
<h1>Not Found</h1>
<p>The requested URL was not fo
13:41:43|WARNING|singleton W2414877367 skipped: HTTP 404: <!doctype html>
<html lang=en>
<title>404 Not Found</title>
<h1>Not Found</h1>
<p>The requested URL was not fo
13:41:47|WARNING|singleton W2549270948 skipped: HTTP 404: <!doctype html>
<html lang=en>
<title>404 Not Found</title>
<h1>Not Found</h1>
<p>The requested URL was not fo
13:41:50|WARNING|singleton W2184561088 skipped: HTTP 404: <!doctype html>
<html lang=en>
<title>404 Not Found</title>
<h1>Not Found</h1>
<p>The requested URL was not fo
13:42:16|INFO   |bg optogenetics: children=200 with_refs=188 refs=1698 labelled=1258 42s oa_calls=9206 oa_credits=139
13:42:59|WARNING|singleton W2291103953 skipped: HTTP 404: <!doctype html>
<html lang=en>
<title>404 Not Found</title>
<h1>Not Found</h1>
<p>The requested URL was not fo
13:42:59|WARNING|singleton W2495966844 skipped: HTTP 404: <!doctype html>
<html lang=en>
<title>404 Not Found</title>
<h1>Not Found</h1>
<p>The requested URL was not fo
13:43:00|WARNING|singleton W2737477943 skipped: HTTP 404: <!doctype html>
<html lang=en>
<title>404 Not Found</title>
<h1>Not Found</h1>
<p>The requested URL was not fo
13:43:08|WARNING|singleton W2106143581 skipped: HTTP 404: <!doctype html>
<html lang=en>
<title>404 Not Found</title>
<h1>Not Found</h1>
<p>The requested URL was not fo
13:43:09|WARNING|singleton W2362690294 skipped: HTTP 404: <!doctype html>
<html lang=en>
<title>404 Not Found</title>
<h1>Not Found</h1>
<p>The requested URL was not fo
13:43:09|WARNING|singleton W1997374285 skipped: HTTP 404: <!doctype html>
<html lang=en>
<title>404 Not Found</title>
<h1>Not Found</h1>
<p>The requested URL was not fo
13:43:26|INFO   |bg metagenomics: children=101 with_refs=92 refs=812 labelled=622 30s oa_calls=9427 oa_credits=139
13:45:22|INFO   |bg lte_advanced: children=109 with_refs=103 refs=625 labelled=464 55s oa_calls=9618 oa_credits=139
13:45:23|WARNING|singleton W3016081435 skipped: HTTP 404: <!doctype html>
<html lang=en>
<title>404 Not Found</title>
<h1>Not Found</h1>
<p>The requested URL was not fo
13:45:26|WARNING|singleton W2546501424 skipped: HTTP 404: <!doctype html>
<html lang=en>
<title>404 Not Found</title>
<h1>Not Found</h1>
<p>The requested URL was not fo
13:45:27|WARNING|singleton W2891193962 skipped: HTTP 404: <!doctype html>
<html lang=en>
<title>404 Not Found</title>
<h1>Not Found</h1>
<p>The requested URL was not fo
13:45:27|WARNING|singleton W2952271038 skipped: HTTP 404: <!doctype html>
<html lang=en>
<title>404 Not Found</title>
<h1>Not Found</h1>
<p>The requested URL was not fo
13:45:31|WARNING|singleton W2539274422 skipped: HTTP 404: <!doctype html>
<html lang=en>
<title>404 Not Found</title>
<h1>Not Found</h1>
<p>The requested URL was not fo
13:45:31|WARNING|singleton W2892082906 skipped: HTTP 404: <!doctype html>
<html lang=en>
<title>404 Not Found</title>
<h1>Not Found</h1>
<p>The requested URL was not fo
13:45:42|INFO   |bg cloud_computing: children=104 with_refs=83 refs=559 labelled=410 20s oa_calls=9763 oa_credits=139
13:45:48|WARNING|singleton W2139780552 skipped: HTTP 404: <!doctype html>
<html lang=en>
<title>404 Not Found</title>
<h1>Not Found</h1>
<p>The requested URL was not fo
13:45:56|WARNING|singleton W2187736695 skipped: HTTP 404: <!doctype html>
<html lang=en>
<title>404 Not Found</title>
<h1>Not Found</h1>
<p>The requested URL was not fo
13:47:04|INFO   |bg single_incision_laparoscopic_surgery: children=102 with_refs=99 refs=871 labelled=602 82s oa_calls=9952 oa_credits=139
13:47:23|INFO   |bg chip_seq: children=114 with_refs=110 refs=1041 labelled=833 19s oa_calls=10128 oa_credits=139
13:48:35|INFO   |bg copy_number_variation: children=108 with_refs=100 refs=971 labelled=720 52s oa_calls=10354 oa_credits=139
13:48:41|WARNING|singleton W1220946866 skipped: HTTP 404: <!doctype html>
<html lang=en>
<title>404 Not Found</title>
<h1>Not Found</h1>
<p>The requested URL was not fo
13:48:49|WARNING|singleton W2188184134 skipped: HTTP 404: <!doctype html>
<html lang=en>
<title>404 Not Found</title>
<h1>Not Found</h1>
<p>The requested URL was not fo
13:48:49|WARNING|singleton W2151971699 skipped: HTTP 404: <!doctype html>
<html lang=en>
<title>404 Not Found</title>
<h1>Not Found</h1>
<p>The requested URL was not fo
13:49:06|INFO   |bg interactome: children=111 with_refs=99 refs=965 labelled=706 30s oa_calls=10572 oa_credits=139
13:49:41|WARNING|singleton W2173292371 skipped: HTTP 404: <!doctype html>
<html lang=en>
<title>404 Not Found</title>
<h1>Not Found</h1>
<p>The requested URL was not fo
13:49:45|WARNING|singleton W2390283142 skipped: HTTP 404: <!doctype html>
<html lang=en>
<title>404 Not Found</title>
<h1>Not Found</h1>
<p>The requested URL was not fo
13:50:25|INFO   |bg plug_in_hybrid_electric_vehicle: children=101 with_refs=93 refs=773 labelled=536 59s oa_calls=10768 oa_credits=139
