05:31:48|INFO   |exp5: 12499 concepts in 125 chunks, workers 2 (jobs built in 6s)
05:32:11|INFO   |chunk 10/125 (1000) 0.5 min; 0.008 s/concept/worker
05:32:15|INFO   |chunk 20/125 (2000) 0.6 min; 0.007 s/concept/worker
05:32:20|INFO   |chunk 30/125 (3000) 0.7 min; 0.007 s/concept/worker
05:32:25|INFO   |chunk 40/125 (4000) 0.7 min; 0.011 s/concept/worker
05:32:28|INFO   |chunk 50/125 (5000) 0.8 min; 0.007 s/concept/worker
05:32:32|INFO   |chunk 60/125 (6000) 0.9 min; 0.011 s/concept/worker
05:32:37|INFO   |chunk 70/125 (7000) 0.9 min; 0.007 s/concept/worker
05:32:42|INFO   |chunk 80/125 (8000) 1.0 min; 0.007 s/concept/worker
05:32:46|INFO   |chunk 90/125 (9000) 1.1 min; 0.008 s/concept/worker
05:32:50|INFO   |chunk 100/125 (10000) 1.2 min; 0.007 s/concept/worker
05:32:55|INFO   |chunk 110/125 (11000) 1.2 min; 0.012 s/concept/worker
05:32:59|INFO   |chunk 120/125 (12000) 1.3 min; 0.007 s/concept/worker
05:33:01|INFO   |chunk 125/125 (12499) 1.3 min; 0.004 s/concept/worker
05:33:02|INFO   |exp5: 12499 concepts, 124735 partner rows, errors 0
05:33:02|INFO   |done in 1.3 min
05:33:16|INFO   |cohort: 1535 concepts in 16 chunks, workers 2 (jobs built in 3s)
05:33:39|INFO   |chunk 10/16 (1000) 0.4 min; 0.007 s/concept/worker
05:33:41|INFO   |chunk 16/16 (1535) 0.5 min; 0.004 s/concept/worker
05:33:41|INFO   |cohort: 1535 concepts, 14980 partner rows, errors 0
05:33:41|INFO   |done in 0.5 min
05:33:59|INFO   |retest: 12499 concepts in 125 chunks, workers 2 (jobs built in 10s)
05:34:15|INFO   |chunk 10/125 (1000) 0.4 min; 0.008 s/concept/worker
05:34:22|INFO   |chunk 20/125 (2000) 0.5 min; 0.006 s/concept/worker
05:34:27|INFO   |chunk 30/125 (3000) 0.6 min; 0.007 s/concept/worker
05:34:32|INFO   |chunk 40/125 (4000) 0.7 min; 0.009 s/concept/worker
05:34:37|INFO   |chunk 50/125 (5000) 0.8 min; 0.008 s/concept/worker
05:34:42|INFO   |chunk 60/125 (6000) 0.9 min; 0.009 s/concept/worker
05:34:48|INFO   |chunk 70/125 (7000) 1.0 min; 0.009 s/concept/worker
05:34:53|INFO   |chunk 80/125 (8000) 1.1 min; 0.006 s/concept/worker
05:34:59|INFO   |chunk 90/125 (9000) 1.2 min; 0.009 s/concept/worker
05:35:05|INFO   |chunk 100/125 (10000) 1.3 min; 0.009 s/concept/worker
05:35:11|INFO   |chunk 110/125 (11000) 1.4 min; 0.011 s/concept/worker
05:35:18|INFO   |chunk 120/125 (12000) 1.5 min; 0.013 s/concept/worker
05:35:21|INFO   |chunk 125/125 (12499) 1.5 min; 0.008 s/concept/worker
05:35:22|INFO   |done in 1.5 min
